// Jest Snapshot v1, https://goo.gl/fbAQLP

exports[`components/Form should render 1`] = `
<form
  id="form"
  onSubmit={[Function]}
>
  <div
    className="row"
  >
    <div
      className="col-lg-11 col-lg-offset-1"
    >
      <h3
        className="subHead"
      >
        Basic Information
      </h3>
    </div>
  </div>
  <div
    className="row"
  >
    <div
      className="col-lg-2 col-lg-offset-1"
    >
      <div
        className="select form-group field-state"
      >
        <label
          className="select-label"
          htmlFor="state"
        >
          Where do you live?
          <span
            className="required"
          >
            *
          </span>
        </label>
        <select
          aria-required="true"
          className="form-control"
          defaultValue="Select State"
          id="state"
          name="state"
          onChange={[Function]}
          required="required"
        >
          <option
            disabled={true}
            value="Select State"
          >
            Select State
          </option>
          <option
            value="Alabama"
          >
            Alabama
          </option>
          <option
            value="Alaska"
          >
            Alaska
          </option>
          <option
            value="Arizona"
          >
            Arizona
          </option>
          <option
            value="Arkansas"
          >
            Arkansas
          </option>
          <option
            value="California"
          >
            California
          </option>
          <option
            value="Colorado"
          >
            Colorado
          </option>
          <option
            value="Connecticut"
          >
            Connecticut
          </option>
          <option
            value="Delaware"
          >
            Delaware
          </option>
          <option
            value="District of Columbia"
          >
            District of Columbia
          </option>
          <option
            value="Florida"
          >
            Florida
          </option>
          <option
            value="Georgia"
          >
            Georgia
          </option>
          <option
            value="Hawaii"
          >
            Hawaii
          </option>
          <option
            value="Idaho"
          >
            Idaho
          </option>
          <option
            value="Illinois"
          >
            Illinois
          </option>
          <option
            value="Indiana"
          >
            Indiana
          </option>
          <option
            value="Iowa"
          >
            Iowa
          </option>
          <option
            value="Kansas"
          >
            Kansas
          </option>
          <option
            value="Kentucky"
          >
            Kentucky
          </option>
          <option
            value="Louisiana"
          >
            Louisiana
          </option>
          <option
            value="Maine"
          >
            Maine
          </option>
          <option
            value="Maryland"
          >
            Maryland
          </option>
          <option
            value="Massachusetts"
          >
            Massachusetts
          </option>
          <option
            value="Michigan"
          >
            Michigan
          </option>
          <option
            value="Minnesota"
          >
            Minnesota
          </option>
          <option
            value="Mississippi"
          >
            Mississippi
          </option>
          <option
            value="Missouri"
          >
            Missouri
          </option>
          <option
            value="Montana"
          >
            Montana
          </option>
          <option
            value="Nebraska"
          >
            Nebraska
          </option>
          <option
            value="Nevada"
          >
            Nevada
          </option>
          <option
            value="New Hampshire"
          >
            New Hampshire
          </option>
          <option
            value="New Jersey"
          >
            New Jersey
          </option>
          <option
            value="New Mexico"
          >
            New Mexico
          </option>
          <option
            value="New York"
          >
            New York
          </option>
          <option
            value="North Carolina"
          >
            North Carolina
          </option>
          <option
            value="North Dakota"
          >
            North Dakota
          </option>
          <option
            value="Ohio"
          >
            Ohio
          </option>
          <option
            value="Oklahoma"
          >
            Oklahoma
          </option>
          <option
            value="Oregon"
          >
            Oregon
          </option>
          <option
            value="Pennsylvania"
          >
            Pennsylvania
          </option>
          <option
            value="Rhode Island"
          >
            Rhode Island
          </option>
          <option
            value="South Carolina"
          >
            South Carolina
          </option>
          <option
            value="South Dakota"
          >
            South Dakota
          </option>
          <option
            value="Tennessee"
          >
            Tennessee
          </option>
          <option
            value="Texas"
          >
            Texas
          </option>
          <option
            value="Utah"
          >
            Utah
          </option>
          <option
            value="Vermont"
          >
            Vermont
          </option>
          <option
            value="Virginia"
          >
            Virginia
          </option>
          <option
            value="Washington"
          >
            Washington
          </option>
          <option
            value="West Virginia"
          >
            West Virginia
          </option>
          <option
            value="Wisconsin"
          >
            Wisconsin
          </option>
          <option
            value="Wyoming"
          >
            Wyoming
          </option>
        </select>
      </div>
    </div>
    <div
      className="col-lg-2"
    >
      <div
        className="radio-group form-group field-us-citizen"
      >
        <label
          className="radio-group-label"
          htmlFor="us-citizen"
        >
          Are you a U.S. Citizen?
          <span
            className="required"
          >
            *
          </span>
        </label>
        <br />
        <div
          aria-label="..."
          className="btn-group"
          role="group"
        >
          <input
            className="btn btn-default"
            id="us-citizen-0"
            name="us-citizen"
            onClick={[Function]}
            required="required"
            type="button"
            value="Yes"
          />
          <input
            className="btn btn-default"
            id="us-citizen-1"
            name="us-citizen"
            onClick={[Function]}
            required="required"
            type="button"
            value="No"
          />
        </div>
      </div>
    </div>
    <div
      className="col-lg-2"
    >
      <div
        className="date form-group field-birthdate"
      >
        <label
          className="date-label"
          htmlFor="birthdate"
        >
          Birthday
          <span
            className="required"
          >
            *
          </span>
        </label>
        <input
          aria-required="true"
          className="form-control"
          id="birthdate"
          name="birthdate"
          onChange={[Function]}
          required="required"
          type="date"
        />
      </div>
    </div>
    <div
      className="col-lg-5"
    >
      <div
        className="radio-group form-group field-us-citizen"
      >
        <label
          className="radio-group-label"
          htmlFor="us-citizen"
        >
          Have you ever been charged, or convicted of a crime?
          <span
            className="required"
          >
            *
          </span>
        </label>
        <br />
        <div
          aria-label="..."
          className="btn-group"
          role="group"
        >
          <input
            className="btn btn-default"
            id="us-crimes-0"
            name="us-crimes"
            onClick={[Function]}
            required="required"
            type="button"
            value="Yes"
          />
          <input
            className="btn btn-default"
            id="us-crimes-1"
            name="us-crimes"
            onClick={[Function]}
            required="required"
            type="button"
            value="No"
          />
        </div>
      </div>
    </div>
    <div
      className="col-sm-12 parentButton"
    >
      <input
        className="btn btn-primary"
        id="submit"
        type="submit"
        value="View Your Eligibility"
      />
    </div>
  </div>
</form>
`;

exports[`components/Form should view eligibility if all fields are entered 1`] = `
<form
  id="form"
  onSubmit={[Function]}
>
  <div
    className="row"
  >
    <div
      className="col-lg-11 col-lg-offset-1"
    >
      <h3
        className="subHead"
      >
        Basic Information
      </h3>
    </div>
  </div>
  <div
    className="row"
  >
    <div
      className="col-lg-2 col-lg-offset-1"
    >
      <div
        className="select form-group field-state"
      >
        <label
          className="select-label"
          htmlFor="state"
        >
          Where do you live?
          <span
            className="required"
          >
            *
          </span>
        </label>
        <select
          aria-required="true"
          className="form-control"
          defaultValue="Select State"
          id="state"
          name="state"
          onChange={[Function]}
          required="required"
        >
          <option
            disabled={true}
            value="Select State"
          >
            Select State
          </option>
          <option
            value="Alabama"
          >
            Alabama
          </option>
          <option
            value="Alaska"
          >
            Alaska
          </option>
          <option
            value="Arizona"
          >
            Arizona
          </option>
          <option
            value="Arkansas"
          >
            Arkansas
          </option>
          <option
            value="California"
          >
            California
          </option>
          <option
            value="Colorado"
          >
            Colorado
          </option>
          <option
            value="Connecticut"
          >
            Connecticut
          </option>
          <option
            value="Delaware"
          >
            Delaware
          </option>
          <option
            value="District of Columbia"
          >
            District of Columbia
          </option>
          <option
            value="Florida"
          >
            Florida
          </option>
          <option
            value="Georgia"
          >
            Georgia
          </option>
          <option
            value="Hawaii"
          >
            Hawaii
          </option>
          <option
            value="Idaho"
          >
            Idaho
          </option>
          <option
            value="Illinois"
          >
            Illinois
          </option>
          <option
            value="Indiana"
          >
            Indiana
          </option>
          <option
            value="Iowa"
          >
            Iowa
          </option>
          <option
            value="Kansas"
          >
            Kansas
          </option>
          <option
            value="Kentucky"
          >
            Kentucky
          </option>
          <option
            value="Louisiana"
          >
            Louisiana
          </option>
          <option
            value="Maine"
          >
            Maine
          </option>
          <option
            value="Maryland"
          >
            Maryland
          </option>
          <option
            value="Massachusetts"
          >
            Massachusetts
          </option>
          <option
            value="Michigan"
          >
            Michigan
          </option>
          <option
            value="Minnesota"
          >
            Minnesota
          </option>
          <option
            value="Mississippi"
          >
            Mississippi
          </option>
          <option
            value="Missouri"
          >
            Missouri
          </option>
          <option
            value="Montana"
          >
            Montana
          </option>
          <option
            value="Nebraska"
          >
            Nebraska
          </option>
          <option
            value="Nevada"
          >
            Nevada
          </option>
          <option
            value="New Hampshire"
          >
            New Hampshire
          </option>
          <option
            value="New Jersey"
          >
            New Jersey
          </option>
          <option
            value="New Mexico"
          >
            New Mexico
          </option>
          <option
            value="New York"
          >
            New York
          </option>
          <option
            value="North Carolina"
          >
            North Carolina
          </option>
          <option
            value="North Dakota"
          >
            North Dakota
          </option>
          <option
            value="Ohio"
          >
            Ohio
          </option>
          <option
            value="Oklahoma"
          >
            Oklahoma
          </option>
          <option
            value="Oregon"
          >
            Oregon
          </option>
          <option
            value="Pennsylvania"
          >
            Pennsylvania
          </option>
          <option
            value="Rhode Island"
          >
            Rhode Island
          </option>
          <option
            value="South Carolina"
          >
            South Carolina
          </option>
          <option
            value="South Dakota"
          >
            South Dakota
          </option>
          <option
            value="Tennessee"
          >
            Tennessee
          </option>
          <option
            value="Texas"
          >
            Texas
          </option>
          <option
            value="Utah"
          >
            Utah
          </option>
          <option
            value="Vermont"
          >
            Vermont
          </option>
          <option
            value="Virginia"
          >
            Virginia
          </option>
          <option
            value="Washington"
          >
            Washington
          </option>
          <option
            value="West Virginia"
          >
            West Virginia
          </option>
          <option
            value="Wisconsin"
          >
            Wisconsin
          </option>
          <option
            value="Wyoming"
          >
            Wyoming
          </option>
        </select>
      </div>
    </div>
    <div
      className="col-lg-2"
    >
      <div
        className="radio-group form-group field-us-citizen"
      >
        <label
          className="radio-group-label"
          htmlFor="us-citizen"
        >
          Are you a U.S. Citizen?
          <span
            className="required"
          >
            *
          </span>
        </label>
        <br />
        <div
          aria-label="..."
          className="btn-group"
          role="group"
        >
          <input
            className="btn btn-default"
            id="us-citizen-0"
            name="us-citizen"
            onClick={[Function]}
            required="required"
            type="button"
            value="Yes"
          />
          <input
            className="btn btn-default"
            id="us-citizen-1"
            name="us-citizen"
            onClick={[Function]}
            required="required"
            type="button"
            value="No"
          />
        </div>
      </div>
    </div>
    <div
      className="col-lg-2"
    >
      <div
        className="date form-group field-birthdate"
      >
        <label
          className="date-label"
          htmlFor="birthdate"
        >
          Birthday
          <span
            className="required"
          >
            *
          </span>
        </label>
        <input
          aria-required="true"
          className="form-control"
          id="birthdate"
          name="birthdate"
          onChange={[Function]}
          required="required"
          type="date"
        />
      </div>
    </div>
    <div
      className="col-lg-5"
    >
      <div
        className="radio-group form-group field-us-citizen"
      >
        <label
          className="radio-group-label"
          htmlFor="us-citizen"
        >
          Have you ever been charged, or convicted of a crime?
          <span
            className="required"
          >
            *
          </span>
        </label>
        <br />
        <div
          aria-label="..."
          className="btn-group"
          role="group"
        >
          <input
            className="btn btn-default"
            id="us-crimes-0"
            name="us-crimes"
            onClick={[Function]}
            required="required"
            type="button"
            value="Yes"
          />
          <input
            className="btn btn-default"
            id="us-crimes-1"
            name="us-crimes"
            onClick={[Function]}
            required="required"
            type="button"
            value="No"
          />
        </div>
      </div>
    </div>
    <div
      className="col-sm-12 parentButton"
    >
      <input
        className="btn btn-primary"
        id="submit"
        type="submit"
        value="View Your Eligibility"
      />
    </div>
  </div>
</form>
`;
